Starting Event Module Tests

=== Basic Event Operations Tests ===
Successfully created 4 events with different flags
Successfully recorded events on stream
Event 1 ready: true, Event 2 ready: false
Successfully synchronized events
Event 1 ready after sync: true

=== Event Timing Tests ===
Event completion check: PASS
Timing measurement: PASS

=== Event Stream Synchronization Tests ===
Successfully synchronized streams using events

=== Delimited Event Tests ===
Created delimited event
Initially released: false
Delimited event ready: true
Synchronized delimited event
Released after sync: true
Delimited event released after stream sync: false

=== Multiple Events Timing Tests ===
Multiple events completion: PASS
Total timing measurement: PASS

Event Module Tests Completed
